
==============================================================================
test2.lua
==============================================================================
 1	local a = 1

==============================================================================
Summary
==============================================================================

1	0	100.00%	test2.lua
------------------------
1	0	100.00%	
