
==============================================================================
test.lua
==============================================================================
 1	require "test2"
 1	require "test3"

==============================================================================
test2.lua
==============================================================================
 1	local a = 1

==============================================================================
Summary
==============================================================================

2	0	100.00%	test.lua
1	0	100.00%	test2.lua
------------------------
3	0	100.00%	
