
==============================================================================
test.lua
==============================================================================
 1	local a = 1
 1	local b = 2
  	
 1	local c = 3

==============================================================================
Summary
==============================================================================

3	0	100.00%	test.lua
------------------------
3	0	100.00%	
